
> marionette@5.0.0-rc.2 build
> npm run build:utils && npm run build:radio && npm run check:types && node build/clean.js && rollup -c rollup.config.mjs --noConflict && npm run build:types && npm run build:data && npm run build:adapters && npm run test:types && npm run docs:package


> marionette@5.0.0-rc.2 build:utils
> npm --prefix packages/utils run build


> @mnjs/utils@5.0.0-rc.2 build
> node ../../build/clean.js && rollup -c rollup.config.mjs && node ../../build/declarations.mjs utils


src/index.ts → dist/index.js, dist/index.cjs...
created dist/index.js, dist/index.cjs in 200ms

> marionette@5.0.0-rc.2 build:radio
> npm --prefix packages/radio run build


> @mnjs/radio@5.0.0-rc.2 build
> node ../../build/clean.js && rollup -c rollup.config.mjs && node ../../build/declarations.mjs radio


src/index.ts → dist/index.js, dist/index.cjs...
created dist/index.js, dist/index.cjs in 130ms

> marionette@5.0.0-rc.2 check:types
> tsc -p tsconfig.json


tools/eslint/index.mjs → dist/eslint/index.js, dist/eslint/index.cjs...
created dist/eslint/index.js, dist/eslint/index.cjs in 36ms

build/version.js → src/version.js...
created src/version.js in 4ms

src/index.ts → dist/marionette.js, dist/marionette.cjs...
created dist/marionette.js, dist/marionette.cjs in 565ms

src/index.ts → dist/marionette.umd.js, dist/marionette.min.js...
created dist/marionette.umd.js, dist/marionette.min.js in 641ms

> marionette@5.0.0-rc.2 build:types
> node build/declarations.mjs


> marionette@5.0.0-rc.2 build:data
> npm --prefix packages/data run build


> @mnjs/data@5.0.0-rc.2 build
> node ../../build/clean.js && rollup -c rollup.config.mjs && node ../../build/declarations.mjs data


src/index.ts → dist/index.js, dist/index.cjs...
created dist/index.js, dist/index.cjs in 155ms

> marionette@5.0.0-rc.2 build:adapters
> npm --prefix packages/adapters run build


> @mnjs/adapters@5.0.0-rc.2 build
> node ../../build/clean.js && rollup -c rollup.config.mjs && node ../../build/declarations.mjs adapters


src/data/backbone.ts → dist/backbone.js, dist/backbone.cjs...
created dist/backbone.js, dist/backbone.cjs in 81ms

src/dom/jquery.ts → dist/dom/jquery.js, dist/dom/jquery.cjs...
created dist/dom/jquery.js, dist/dom/jquery.cjs in 12ms

src/data/xstate.ts → dist/xstate.js, dist/xstate.cjs...
created dist/xstate.js, dist/xstate.cjs in 31ms

src/dom/morphdom.ts → dist/dom/morphdom.js, dist/dom/morphdom.cjs...
created dist/dom/morphdom.js, dist/dom/morphdom.cjs in 7ms

src/dom/lit-html.ts → dist/dom/lit-html.js, dist/dom/lit-html.cjs...
created dist/dom/lit-html.js, dist/dom/lit-html.cjs in 7ms

> marionette@5.0.0-rc.2 test:types
> node test/types/run.mjs


> marionette@5.0.0-rc.2 docs:package
> node scripts/docs/package.mjs

Exported 38 documentation pages to .docs-export (37cda1fb).
Packaged 38 consumer documentation pages at the package root.
